ASxxxx Linker V03.00 + NoICE + sdld,  page 1.
Hexadecimal  [32-Bits]

Area                                    Addr        Size        Decimal Bytes (Attributes)
--------------------------------        ----        ----        ------- ----- ------------
CABS                                00000000    00000000 =           0. bytes (ABS,CON,CODE)

      Value  Global                              Global Defined In Module
      -----  --------------------------------   ------------------------
C:   FFFFFF00  s_BSEG                          
C:   00000000  l_BIT_BANK                      
C:   00000000  l_BSEG                          
C:   00000000  l_BSEG_BYTES                    
C:   00000000  l_CABS                          
C:   00000000  l_CONST                         
C:   00000000  l_GSINIT                        
C:   00000000  l_GSINIT1                       
C:   00000000  l_GSINIT5                       
C:   00000000  l_IABS                          
C:   00000000  l_ISEG                          
C:   00000000  l_OSEG                          
C:   00000000  l_PSEG                          
C:   00000000  l_REG_BANK_1                    
C:   00000000  l_REG_BANK_2                    
C:   00000000  l_REG_BANK_3                    
C:   00000000  l_RSEG                          
C:   00000000  l_RSEG0                         
C:   00000000  l_RSEG1                         
C:   00000000  l_XABS                          
C:   00000000  l_XINIT                         
C:   00000000  l_XISEG                         
C:   00000000  l_XSEG                          
C:   00000000  l__CODE                         
C:   00000000  s_BSEG_BYTES                    
C:   00000000  s_CABS                          
C:   00000000  s_DSEG                          
C:   00000000  s_HOME                          
C:   00000000  s_IABS                          
C:   00000000  s_ISEG                          
C:   00000000  s_PSEG                          
C:   00000000  s_REG_BANK_0                    
C:   00000000  s_RSEG                          
C:   00000000  s_RSEG0                         
C:   00000000  s_RSEG1                         
C:   00000000  s_XABS                          
C:   00000000  s_XISEG                         
C:   00000000  s_XSEG                          
C:   00000003  l_GSFINAL                       
C:   00000003  l_GSINIT0                       
C:   00000006  l_HOME                          
C:   00000006  s_GSINIT0                       
C:   00000008  l_REG_BANK_0                    
C:   00000008  s_REG_BANK_1                    
C:   00000009  s_GSINIT1                       
C:   00000009  s_GSINIT2                       
C:   0000000A  l_GSINIT2                       
C:   0000000C  s_SSEG                          
C:   00000010  s_REG_BANK_2                    
C:   00000013  s_GSINIT3                       
ASxxxx Linker V03.00 + NoICE + sdld,  page 2.
Hexadecimal  [32-Bits]

Area                                    Addr        Size        Decimal Bytes (Attributes)
--------------------------------        ----        ----        ------- ----- ------------
CABS                                00000000    00000000 =           0. bytes (ABS,CON,CODE)

      Value  Global                              Global Defined In Module
      -----  --------------------------------   ------------------------
C:   00000018  s_BIT_BANK                      
C:   00000018  s_OSEG                          
C:   00000018  s_REG_BANK_3                    
C:   00000020  s__CODE                         
C:   00000022  l_GSINIT3                       
C:   0000002A  l_GSINIT4                       
C:   00000035  s_GSINIT4                       
C:   0000005F  s_GSFINAL                       
C:   0000005F  s_GSINIT                        
C:   0000005F  s_GSINIT5                       
C:   00000062  s_CSEG                          
C:   00000080  l_DSEG                          
C:   000000F4  l_SSEG                          
C:   00000100  l_IRAM                          
C:   000001B6  l_CSEG                          
C:   00000218  s_CONST                         
C:   00000218  s_XINIT                         

ASxxxx Linker V03.00 + NoICE + sdld,  page 3.
Hexadecimal  [32-Bits]

Area                                    Addr        Size        Decimal Bytes (Attributes)
--------------------------------        ----        ----        ------- ----- ------------
.  .ABS.                            00000000    00000000 =           0. bytes (ABS,CON)

      Value  Global                              Global Defined In Module
      -----  --------------------------------   ------------------------
     00000000  .__.ABS.                           _startup
     00000080  _IOA                               fx2bridge
     00000080  _PA0                               fx2bridge
     00000081  _PA1                               fx2bridge
     00000081  _SP                                fx2bridge
     00000082  _DPL                               fx2bridge
     00000082  _PA2                               fx2bridge
     00000083  _DPH                               fx2bridge
     00000083  _PA3                               fx2bridge
     00000084  _DPL1                              fx2bridge
     00000084  _PA4                               fx2bridge
     00000085  _DPH1                              fx2bridge
     00000085  _PA5                               fx2bridge
     00000086  _DPS                               fx2bridge
     00000086  _PA6                               fx2bridge
     00000087  _PA7                               fx2bridge
     00000087  _PCON                              fx2bridge
     00000088  _IT0                               fx2bridge
     00000088  _TCON                              fx2bridge
     00000089  _IE0                               fx2bridge
     00000089  _TMOD                              fx2bridge
     0000008A  _IT1                               fx2bridge
     0000008A  _TL0                               fx2bridge
     0000008B  _IE1                               fx2bridge
     0000008B  _TL1                               fx2bridge
     0000008C  _TH0                               fx2bridge
     0000008C  _TR0                               fx2bridge
     0000008D  _TF0                               fx2bridge
     0000008D  _TH1                               fx2bridge
     0000008E  _CKCON                             fx2bridge
     0000008E  _TR1                               fx2bridge
     0000008F  _TF1                               fx2bridge
     00000090  _IOB                               fx2bridge
     00000090  _PB0                               fx2bridge
     00000091  _EXIF                              fx2bridge
     00000091  _PB1                               fx2bridge
     00000092  _PB2                               fx2bridge
     00000092  __XPAGE                            fx2bridge
     00000093  _PB3                               fx2bridge
     00000094  _PB4                               fx2bridge
     00000095  _PB5                               fx2bridge
     00000096  _PB6                               fx2bridge
     00000097  _PB7                               fx2bridge
     00000098  _RI                                fx2bridge
     00000098  _SCON0                             fx2bridge
     00000099  _SBUF0                             fx2bridge
     00000099  _TI                                fx2bridge
     0000009A  _AUTOPTRH1                         fx2bridge
     0000009A  _RB8                               fx2bridge
     0000009B  _AUTOPTRL1                         fx2bridge
ASxxxx Linker V03.00 + NoICE + sdld,  page 4.
Hexadecimal  [32-Bits]

Area                                    Addr        Size        Decimal Bytes (Attributes)
--------------------------------        ----        ----        ------- ----- ------------
.  .ABS.                            00000000    00000000 =           0. bytes (ABS,CON)

      Value  Global                              Global Defined In Module
      -----  --------------------------------   ------------------------
     0000009B  _TB8                               fx2bridge
     0000009C  _REN                               fx2bridge
     0000009D  _AUTOPTRH2                         fx2bridge
     0000009D  _SM2                               fx2bridge
     0000009E  _AUTOPTRL2                         fx2bridge
     0000009E  _SM1                               fx2bridge
     0000009F  _SM0                               fx2bridge
     000000A0  _IOC                               fx2bridge
     000000A0  _PC0                               fx2bridge
     000000A1  _INT2CLR                           fx2bridge
     000000A1  _PC1                               fx2bridge
     000000A2  _INT4CLR                           fx2bridge
     000000A2  _PC2                               fx2bridge
     000000A3  _PC3                               fx2bridge
     000000A4  _PC4                               fx2bridge
     000000A5  _PC5                               fx2bridge
     000000A6  _PC6                               fx2bridge
     000000A7  _PC7                               fx2bridge
     000000A8  _EX0                               fx2bridge
     000000A8  _IE                                fx2bridge
     000000A9  _ET0                               fx2bridge
     000000AA  _EP2468STAT                        fx2bridge
     000000AA  _EX1                               fx2bridge
     000000AB  _EP24FIFOFLGS                      fx2bridge
     000000AB  _ET1                               fx2bridge
     000000AC  _EP68FIFOFLGS                      fx2bridge
     000000AC  _ES0                               fx2bridge
     000000AD  _ET2                               fx2bridge
     000000AE  _ES1                               fx2bridge
     000000AF  _AUTOPTRSETUP                      fx2bridge
     000000AF  _EA                                fx2bridge
     000000B0  _IOD                               fx2bridge
     000000B0  _PD0                               fx2bridge
     000000B1  _IOE                               fx2bridge
     000000B1  _PD1                               fx2bridge
     000000B2  _OEA                               fx2bridge
     000000B2  _PD2                               fx2bridge
     000000B3  _OEB                               fx2bridge
     000000B3  _PD3                               fx2bridge
     000000B4  _OEC                               fx2bridge
     000000B4  _PD4                               fx2bridge
     000000B5  _OED                               fx2bridge
     000000B5  _PD5                               fx2bridge
     000000B6  _OEE                               fx2bridge
     000000B6  _PD6                               fx2bridge
     000000B7  _PD7                               fx2bridge
     000000B8  _IP                                fx2bridge
     000000B8  _PX0                               fx2bridge
     000000B9  _PT0                               fx2bridge
     000000BA  _EP01STAT                          fx2bridge
     000000BA  _PX1                               fx2bridge
ASxxxx Linker V03.00 + NoICE + sdld,  page 5.
Hexadecimal  [32-Bits]

Area                                    Addr        Size        Decimal Bytes (Attributes)
--------------------------------        ----        ----        ------- ----- ------------
.  .ABS.                            00000000    00000000 =           0. bytes (ABS,CON)

      Value  Global                              Global Defined In Module
      -----  --------------------------------   ------------------------
     000000BB  _GPIFTRIG                          fx2bridge
     000000BB  _PT1                               fx2bridge
     000000BC  _PS0                               fx2bridge
     000000BD  _GPIFSGLDATH                       fx2bridge
     000000BD  _PT2                               fx2bridge
     000000BE  _GPIFSGLDATLX                      fx2bridge
     000000BE  _PS1                               fx2bridge
     000000BF  _GPIFSGLDATLNOX                    fx2bridge
     000000C0  _RI1                               fx2bridge
     000000C0  _SCON1                             fx2bridge
     000000C1  _SBUF1                             fx2bridge
     000000C1  _TI1                               fx2bridge
     000000C2  _RB81                              fx2bridge
     000000C3  _TB81                              fx2bridge
     000000C4  _REN1                              fx2bridge
     000000C5  _SM21                              fx2bridge
     000000C6  _SM11                              fx2bridge
     000000C7  _SM01                              fx2bridge
     000000C8  _CP_RL2                            fx2bridge
     000000C8  _T2CON                             fx2bridge
     000000C9  _C_T2                              fx2bridge
     000000CA  _RCAP2L                            fx2bridge
     000000CA  _TR2                               fx2bridge
     000000CB  _EXEN2                             fx2bridge
     000000CB  _RCAP2H                            fx2bridge
     000000CC  _TCLK                              fx2bridge
     000000CC  _TL2                               fx2bridge
     000000CD  _RCLK                              fx2bridge
     000000CD  _TH2                               fx2bridge
     000000CE  _EXF2                              fx2bridge
     000000CF  _TF2                               fx2bridge
     000000D0  _P                                 fx2bridge
     000000D0  _PSW                               fx2bridge
     000000D1  _FL                                fx2bridge
     000000D2  _OV                                fx2bridge
     000000D3  _RS0                               fx2bridge
     000000D4  _RS1                               fx2bridge
     000000D5  _F0                                fx2bridge
     000000D6  _AC                                fx2bridge
     000000D7  _CY                                fx2bridge
     000000D8  _EICON                             fx2bridge
     000000DB  _INT6                              fx2bridge
     000000DC  _RESI                              fx2bridge
     000000DD  _ERESI                             fx2bridge
     000000DF  _SMOD1                             fx2bridge
     000000E0  _ACC                               fx2bridge
     000000E8  _EIE                               fx2bridge
     000000E8  _EUSB                              fx2bridge
     000000E9  _EI2C                              fx2bridge
     000000EA  _EIEX4                             fx2bridge
     000000EB  _EIEX5                             fx2bridge
ASxxxx Linker V03.00 + NoICE + sdld,  page 6.
Hexadecimal  [32-Bits]

Area                                    Addr        Size        Decimal Bytes (Attributes)
--------------------------------        ----        ----        ------- ----- ------------
.  .ABS.                            00000000    00000000 =           0. bytes (ABS,CON)

      Value  Global                              Global Defined In Module
      -----  --------------------------------   ------------------------
     000000EC  _EIEX6                             fx2bridge
     000000F0  _B                                 fx2bridge
     000000F8  _EIP                               fx2bridge
     000000F8  _PUSB                              fx2bridge
     000000F9  _PI2C                              fx2bridge
     000000FA  _EIPX4                             fx2bridge
     000000FB  _EIPX5                             fx2bridge
     000000FC  _EIPX6                             fx2bridge
     0000E400  _GPIF_WAVE_DATA                    fx2bridge
     0000E480  _RES_WAVEDATA_END                  fx2bridge
     0000E50D  _GPCR2                             fx2bridge
     0000E600  _CPUCS                             fx2bridge
     0000E601  _IFCONFIG                          fx2bridge
     0000E602  _PINFLAGSAB                        fx2bridge
     0000E603  _PINFLAGSCD                        fx2bridge
     0000E604  _FIFORESET                         fx2bridge
     0000E605  _BREAKPT                           fx2bridge
     0000E606  _BPADDRH                           fx2bridge
     0000E607  _BPADDRL                           fx2bridge
     0000E608  _UART230                           fx2bridge
     0000E609  _FIFOPINPOLAR                      fx2bridge
     0000E60A  _REVID                             fx2bridge
     0000E60B  _REVCTL                            fx2bridge
     0000E60C  _GPIFHOLDAMOUNT                    fx2bridge
     0000E610  _EP1OUTCFG                         fx2bridge
     0000E611  _EP1INCFG                          fx2bridge
     0000E612  _EP2CFG                            fx2bridge
     0000E613  _EP4CFG                            fx2bridge
     0000E614  _EP6CFG                            fx2bridge
     0000E615  _EP8CFG                            fx2bridge
     0000E618  _EP2FIFOCFG                        fx2bridge
     0000E619  _EP4FIFOCFG                        fx2bridge
     0000E61A  _EP6FIFOCFG                        fx2bridge
     0000E61B  _EP8FIFOCFG                        fx2bridge
     0000E620  _EP2AUTOINLENH                     fx2bridge
     0000E621  _EP2AUTOINLENL                     fx2bridge
     0000E622  _EP4AUTOINLENH                     fx2bridge
     0000E623  _EP4AUTOINLENL                     fx2bridge
     0000E624  _EP6AUTOINLENH                     fx2bridge
     0000E625  _EP6AUTOINLENL                     fx2bridge
     0000E626  _EP8AUTOINLENH                     fx2bridge
     0000E627  _EP8AUTOINLENL                     fx2bridge
     0000E628  _ECCCFG                            fx2bridge
     0000E629  _ECCRESET                          fx2bridge
     0000E62A  _ECC1B0                            fx2bridge
     0000E62B  _ECC1B1                            fx2bridge
     0000E62C  _ECC1B2                            fx2bridge
     0000E62D  _ECC2B0                            fx2bridge
     0000E62E  _ECC2B1                            fx2bridge
     0000E62F  _ECC2B2                            fx2bridge
     0000E630  _EP2FIFOPFH                        fx2bridge
ASxxxx Linker V03.00 + NoICE + sdld,  page 7.
Hexadecimal  [32-Bits]

Area                                    Addr        Size        Decimal Bytes (Attributes)
--------------------------------        ----        ----        ------- ----- ------------
.  .ABS.                            00000000    00000000 =           0. bytes (ABS,CON)

      Value  Global                              Global Defined In Module
      -----  --------------------------------   ------------------------
     0000E631  _EP2FIFOPFL                        fx2bridge
     0000E632  _EP4FIFOPFH                        fx2bridge
     0000E633  _EP4FIFOPFL                        fx2bridge
     0000E634  _EP6FIFOPFH                        fx2bridge
     0000E635  _EP6FIFOPFL                        fx2bridge
     0000E636  _EP8FIFOPFH                        fx2bridge
     0000E637  _EP8FIFOPFL                        fx2bridge
     0000E640  _EP2ISOINPKTS                      fx2bridge
     0000E641  _EP4ISOINPKTS                      fx2bridge
     0000E642  _EP6ISOINPKTS                      fx2bridge
     0000E643  _EP8ISOINPKTS                      fx2bridge
     0000E648  _INPKTEND                          fx2bridge
     0000E649  _OUTPKTEND                         fx2bridge
     0000E650  _EP2FIFOIE                         fx2bridge
     0000E651  _EP2FIFOIRQ                        fx2bridge
     0000E652  _EP4FIFOIE                         fx2bridge
     0000E653  _EP4FIFOIRQ                        fx2bridge
     0000E654  _EP6FIFOIE                         fx2bridge
     0000E655  _EP6FIFOIRQ                        fx2bridge
     0000E656  _EP8FIFOIE                         fx2bridge
     0000E657  _EP8FIFOIRQ                        fx2bridge
     0000E658  _IBNIE                             fx2bridge
     0000E659  _IBNIRQ                            fx2bridge
     0000E65A  _NAKIE                             fx2bridge
     0000E65B  _NAKIRQ                            fx2bridge
     0000E65C  _USBIE                             fx2bridge
     0000E65D  _USBIRQ                            fx2bridge
     0000E65E  _EPIE                              fx2bridge
     0000E65F  _EPIRQ                             fx2bridge
     0000E660  _GPIFIE                            fx2bridge
     0000E661  _GPIFIRQ                           fx2bridge
     0000E662  _USBERRIE                          fx2bridge
     0000E663  _USBERRIRQ                         fx2bridge
     0000E664  _ERRCNTLIM                         fx2bridge
     0000E665  _CLRERRCNT                         fx2bridge
     0000E666  _INT2IVEC                          fx2bridge
     0000E667  _INT4IVEC                          fx2bridge
     0000E668  _INTSETUP                          fx2bridge
     0000E670  _PORTACFG                          fx2bridge
     0000E671  _PORTCCFG                          fx2bridge
     0000E672  _PORTECFG                          fx2bridge
     0000E678  _I2CS                              fx2bridge
     0000E679  _I2DAT                             fx2bridge
     0000E67A  _I2CTL                             fx2bridge
     0000E67B  _XAUTODAT1                         fx2bridge
     0000E67C  _XAUTODAT2                         fx2bridge
     0000E67D  _UDMACRCH                          fx2bridge
     0000E67E  _UDMACRCL                          fx2bridge
     0000E67F  _UDMACRCQUAL                       fx2bridge
     0000E680  _USBCS                             fx2bridge
     0000E681  _SUSPEND                           fx2bridge
ASxxxx Linker V03.00 + NoICE + sdld,  page 8.
Hexadecimal  [32-Bits]

Area                                    Addr        Size        Decimal Bytes (Attributes)
--------------------------------        ----        ----        ------- ----- ------------
.  .ABS.                            00000000    00000000 =           0. bytes (ABS,CON)

      Value  Global                              Global Defined In Module
      -----  --------------------------------   ------------------------
     0000E682  _WAKEUPCS                          fx2bridge
     0000E683  _TOGCTL                            fx2bridge
     0000E684  _USBFRAMEH                         fx2bridge
     0000E685  _USBFRAMEL                         fx2bridge
     0000E686  _MICROFRAME                        fx2bridge
     0000E687  _FNADDR                            fx2bridge
     0000E68A  _EP0BCH                            fx2bridge
     0000E68B  _EP0BCL                            fx2bridge
     0000E68D  _EP1OUTBC                          fx2bridge
     0000E68F  _EP1INBC                           fx2bridge
     0000E690  _EP2BCH                            fx2bridge
     0000E691  _EP2BCL                            fx2bridge
     0000E694  _EP4BCH                            fx2bridge
     0000E695  _EP4BCL                            fx2bridge
     0000E698  _EP6BCH                            fx2bridge
     0000E699  _EP6BCL                            fx2bridge
     0000E69C  _EP8BCH                            fx2bridge
     0000E69D  _EP8BCL                            fx2bridge
     0000E6A0  _EP0CS                             fx2bridge
     0000E6A1  _EP1OUTCS                          fx2bridge
     0000E6A2  _EP1INCS                           fx2bridge
     0000E6A3  _EP2CS                             fx2bridge
     0000E6A4  _EP4CS                             fx2bridge
     0000E6A5  _EP6CS                             fx2bridge
     0000E6A6  _EP8CS                             fx2bridge
     0000E6A7  _EP2FIFOFLGS                       fx2bridge
     0000E6A8  _EP4FIFOFLGS                       fx2bridge
     0000E6A9  _EP6FIFOFLGS                       fx2bridge
     0000E6AA  _EP8FIFOFLGS                       fx2bridge
     0000E6AB  _EP2FIFOBCH                        fx2bridge
     0000E6AC  _EP2FIFOBCL                        fx2bridge
     0000E6AD  _EP4FIFOBCH                        fx2bridge
     0000E6AE  _EP4FIFOBCL                        fx2bridge
     0000E6AF  _EP6FIFOBCH                        fx2bridge
     0000E6B0  _EP6FIFOBCL                        fx2bridge
     0000E6B1  _EP8FIFOBCH                        fx2bridge
     0000E6B2  _EP8FIFOBCL                        fx2bridge
     0000E6B3  _SUDPTRH                           fx2bridge
     0000E6B4  _SUDPTRL                           fx2bridge
     0000E6B5  _SUDPTRCTL                         fx2bridge
     0000E6B8  _SETUPDAT                          fx2bridge
     0000E6C0  _GPIFWFSELECT                      fx2bridge
     0000E6C1  _GPIFIDLECS                        fx2bridge
     0000E6C2  _GPIFIDLECTL                       fx2bridge
     0000E6C3  _GPIFCTLCFG                        fx2bridge
     0000E6C4  _GPIFADRH                          fx2bridge
     0000E6C5  _GPIFADRL                          fx2bridge
     0000E6C6  _FLOWSTATE                         fx2bridge
     0000E6C7  _FLOWLOGIC                         fx2bridge
     0000E6C8  _FLOWEQ0CTL                        fx2bridge
     0000E6C9  _FLOWEQ1CTL                        fx2bridge
ASxxxx Linker V03.00 + NoICE + sdld,  page 9.
Hexadecimal  [32-Bits]

Area                                    Addr        Size        Decimal Bytes (Attributes)
--------------------------------        ----        ----        ------- ----- ------------
.  .ABS.                            00000000    00000000 =           0. bytes (ABS,CON)

      Value  Global                              Global Defined In Module
      -----  --------------------------------   ------------------------
     0000E6CA  _FLOWHOLDOFF                       fx2bridge
     0000E6CB  _FLOWSTB                           fx2bridge
     0000E6CC  _FLOWSTBEDGE                       fx2bridge
     0000E6CD  _FLOWSTBHPERIOD                    fx2bridge
     0000E6CE  _GPIFTCB3                          fx2bridge
     0000E6CF  _GPIFTCB2                          fx2bridge
     0000E6D0  _GPIFTCB1                          fx2bridge
     0000E6D1  _GPIFTCB0                          fx2bridge
     0000E6D2  _EP2GPIFFLGSEL                     fx2bridge
     0000E6D3  _EP2GPIFPFSTOP                     fx2bridge
     0000E6D4  _EP2GPIFTRIG                       fx2bridge
     0000E6DA  _EP4GPIFFLGSEL                     fx2bridge
     0000E6DB  _EP4GPIFPFSTOP                     fx2bridge
     0000E6DC  _EP4GPIFTRIG                       fx2bridge
     0000E6E2  _EP6GPIFFLGSEL                     fx2bridge
     0000E6E3  _EP6GPIFPFSTOP                     fx2bridge
     0000E6E4  _EP6GPIFTRIG                       fx2bridge
     0000E6EA  _EP8GPIFFLGSEL                     fx2bridge
     0000E6EB  _EP8GPIFPFSTOP                     fx2bridge
     0000E6EC  _EP8GPIFTRIG                       fx2bridge
     0000E6F0  _XGPIFSGLDATH                      fx2bridge
     0000E6F1  _XGPIFSGLDATLX                     fx2bridge
     0000E6F2  _XGPIFSGLDATLNOX                   fx2bridge
     0000E6F3  _GPIFREADYCFG                      fx2bridge
     0000E6F4  _GPIFREADYSTAT                     fx2bridge
     0000E6F5  _GPIFABORT                         fx2bridge
     0000E740  _EP0BUF                            fx2bridge
     0000E780  _EP1OUTBUF                         fx2bridge
     0000E7C0  _EP1INBUF                          fx2bridge
     0000F000  _EP2FIFOBUF                        fx2bridge
     0000F400  _EP4FIFOBUF                        fx2bridge
     0000F800  _EP6FIFOBUF                        fx2bridge
     0000FC00  _EP8FIFOBUF                        fx2bridge

ASxxxx Linker V03.00 + NoICE + sdld,  page 10.
Hexadecimal  [32-Bits]

Area                                    Addr        Size        Decimal Bytes (Attributes)
--------------------------------        ----        ----        ------- ----- ------------
REG_BANK_0                          00000000    00000008 =           8. bytes (REL,OVR)

      Value  Global                              Global Defined In Module
      -----  --------------------------------   ------------------------
ASxxxx Linker V03.00 + NoICE + sdld,  page 11.
Hexadecimal  [32-Bits]

Area                                    Addr        Size        Decimal Bytes (Attributes)
--------------------------------        ----        ----        ------- ----- ------------
DSEG                                00000000    00000080 =         128. bytes (REL,CON)

      Value  Global                              Global Defined In Module
      -----  --------------------------------   ------------------------
ASxxxx Linker V03.00 + NoICE + sdld,  page 12.
Hexadecimal  [32-Bits]

Area                                    Addr        Size        Decimal Bytes (Attributes)
--------------------------------        ----        ----        ------- ----- ------------
SSEG                                0000000C    000000F4 =         244. bytes (REL,OVR)

      Value  Global                              Global Defined In Module
      -----  --------------------------------   ------------------------
     0000000C  __start__stack                     fx2bridge

ASxxxx Linker V03.00 + NoICE + sdld,  page 13.
Hexadecimal  [32-Bits]

Area                                    Addr        Size        Decimal Bytes (Attributes)
--------------------------------        ----        ----        ------- ----- ------------
HOME                                00000000    00000006 =           6. bytes (REL,CON,CODE)

      Value  Global                              Global Defined In Module
      -----  --------------------------------   ------------------------
C:   00000003  __sdcc_program_startup             fx2bridge

ASxxxx Linker V03.00 + NoICE + sdld,  page 14.
Hexadecimal  [32-Bits]

Area                                    Addr        Size        Decimal Bytes (Attributes)
--------------------------------        ----        ----        ------- ----- ------------
GSINIT0                             00000006    00000003 =           3. bytes (REL,CON,CODE)

      Value  Global                              Global Defined In Module
      -----  --------------------------------   ------------------------
C:   00000006  __sdcc_gsinit_startup              

ASxxxx Linker V03.00 + NoICE + sdld,  page 15.
Hexadecimal  [32-Bits]

Area                                    Addr        Size        Decimal Bytes (Attributes)
--------------------------------        ----        ----        ------- ----- ------------
GSINIT2                             00000009    0000000A =          10. bytes (REL,CON,CODE)

      Value  Global                              Global Defined In Module
      -----  --------------------------------   ------------------------
ASxxxx Linker V03.00 + NoICE + sdld,  page 16.
Hexadecimal  [32-Bits]

Area                                    Addr        Size        Decimal Bytes (Attributes)
--------------------------------        ----        ----        ------- ----- ------------
GSINIT3                             00000013    00000022 =          34. bytes (REL,CON,CODE)

      Value  Global                              Global Defined In Module
      -----  --------------------------------   ------------------------
C:   00000013  __mcs51_genXINIT                   

ASxxxx Linker V03.00 + NoICE + sdld,  page 17.
Hexadecimal  [32-Bits]

Area                                    Addr        Size        Decimal Bytes (Attributes)
--------------------------------        ----        ----        ------- ----- ------------
GSINIT4                             00000035    0000002A =          42. bytes (REL,CON,CODE)

      Value  Global                              Global Defined In Module
      -----  --------------------------------   ------------------------
C:   00000035  __mcs51_genRAMCLEAR                
C:   0000003B  __mcs51_genXRAMCLEAR               

ASxxxx Linker V03.00 + NoICE + sdld,  page 18.
Hexadecimal  [32-Bits]

Area                                    Addr        Size        Decimal Bytes (Attributes)
--------------------------------        ----        ----        ------- ----- ------------
GSFINAL                             0000005F    00000003 =           3. bytes (REL,CON,CODE)

      Value  Global                              Global Defined In Module
      -----  --------------------------------   ------------------------
ASxxxx Linker V03.00 + NoICE + sdld,  page 19.
Hexadecimal  [32-Bits]

Area                                    Addr        Size        Decimal Bytes (Attributes)
--------------------------------        ----        ----        ------- ----- ------------
CSEG                                00000062    000001B6 =         438. bytes (REL,CON,CODE)

      Value  Global                              Global Defined In Module
      -----  --------------------------------   ------------------------
C:   00000062  _ResetFifos                        fx2bridge
C:   00000204  _main                              fx2bridge
C:   00000214  __sdcc_external_startup            _startup
ASxxxx Linker V03.00 + NoICE + sdld,  page 20.

Files Linked                              [ module(s) ]

fx2bridge.rel                             [  ]


Libraries Linked                          [ object file ]

/usr/share/sdcc/lib/small/mcs51.lib       [ crtclear.rel ]
/usr/share/sdcc/lib/small/mcs51.lib       [ crtxinit.rel ]
/usr/share/sdcc/lib/small/mcs51.lib       [ crtxclear.rel ]
/usr/share/sdcc/lib/small/mcs51.lib       [ crtstart.rel ]
/usr/share/sdcc/lib/small/libsdcc.lib     [ _startup.rel ]

ASxxxx Linker V03.00 + NoICE + sdld,  page 21.

User Base Address Definitions

HOME = 0x0000
ISEG = 0x0000
BSEG = 0x0000

