ASxxxx Linker V03.00 + NoICE + sdld,  page 1.
Hexadecimal  [32-Bits]

Area                                    Addr        Size        Decimal Bytes (Attributes)
--------------------------------        ----        ----        ------- ----- ------------
CABS                                00000000    00000000 =           0. bytes (ABS,CON,CODE)

      Value  Global                              Global Defined In Module
      -----  --------------------------------   ------------------------
C:   FFFFFF00  s_BSEG                          
C:   00000000  l_BIT_BANK                      
C:   00000000  l_BSEG                          
C:   00000000  l_BSEG_BYTES                    
C:   00000000  l_CABS                          
C:   00000000  l_GSINIT1                       
C:   00000000  l_GSINIT5                       
C:   00000000  l_IABS                          
C:   00000000  l_ISEG                          
C:   00000000  l_PSEG                          
C:   00000000  l_REG_BANK_1                    
C:   00000000  l_REG_BANK_2                    
C:   00000000  l_REG_BANK_3                    
C:   00000000  l_RSEG                          
C:   00000000  l_RSEG0                         
C:   00000000  l_RSEG1                         
C:   00000000  l_XABS                          
C:   00000000  l_XINIT                         
C:   00000000  l_XISEG                         
C:   00000000  l__CODE                         
C:   00000000  s_BSEG_BYTES                    
C:   00000000  s_CABS                          
C:   00000000  s_DSEG                          
C:   00000000  s_HOME                          
C:   00000000  s_IABS                          
C:   00000000  s_ISEG                          
C:   00000000  s_PSEG                          
C:   00000000  s_REG_BANK_0                    
C:   00000000  s_RSEG                          
C:   00000000  s_RSEG0                         
C:   00000000  s_RSEG1                         
C:   00000000  s_XABS                          
C:   00000000  s_XSEG                          
C:   00000003  l_GSFINAL                       
C:   00000003  l_GSINIT0                       
C:   00000006  l_GSINIT                        
C:   00000006  l_HOME                          
C:   00000006  s_GSINIT0                       
C:   00000008  l_REG_BANK_0                    
C:   00000008  s_REG_BANK_1                    
C:   00000009  s_GSINIT1                       
C:   00000009  s_GSINIT2                       
C:   0000000A  l_GSINIT2                       
C:   0000000B  l_OSEG                          
C:   00000010  s_REG_BANK_2                    
C:   00000013  s_GSINIT3                       
C:   00000018  s_BIT_BANK                      
C:   00000018  s_REG_BANK_3                    
C:   00000020  s__CODE                         
C:   00000021  s_OSEG                          
ASxxxx Linker V03.00 + NoICE + sdld,  page 2.
Hexadecimal  [32-Bits]

Area                                    Addr        Size        Decimal Bytes (Attributes)
--------------------------------        ----        ----        ------- ----- ------------
CABS                                00000000    00000000 =           0. bytes (ABS,CON,CODE)

      Value  Global                              Global Defined In Module
      -----  --------------------------------   ------------------------
C:   00000022  l_GSINIT3                       
C:   00000027  l_CONST                         
C:   0000002A  l_GSINIT4                       
C:   0000002C  s_SSEG                          
C:   00000035  s_GSINIT4                       
C:   0000005F  s_GSINIT                        
C:   0000005F  s_GSINIT5                       
C:   00000065  s_GSFINAL                       
C:   00000068  s_CSEG                          
C:   00000080  l_DSEG                          
C:   000000D4  l_SSEG                          
C:   00000100  l_IRAM                          
C:   00000200  l_XSEG                          
C:   00000200  s_XISEG                         
C:   00000BC7  l_CSEG                          
C:   00000C2F  s_CONST                         
C:   00000C56  s_XINIT                         

ASxxxx Linker V03.00 + NoICE + sdld,  page 3.
Hexadecimal  [32-Bits]

Area                                    Addr        Size        Decimal Bytes (Attributes)
--------------------------------        ----        ----        ------- ----- ------------
.  .ABS.                            00000000    00000000 =           0. bytes (ABS,CON)

      Value  Global                              Global Defined In Module
      -----  --------------------------------   ------------------------
     00000000  .__.ABS.                           _startup
     00000080  _P0                                T51Interface
     00000080  _P0_0                              T51Interface
     00000081  _P0_1                              T51Interface
     00000081  _SP                                T51Interface
     00000082  _DPL                               T51Interface
     00000082  _P0_2                              T51Interface
     00000083  _DPH                               T51Interface
     00000083  _P0_3                              T51Interface
     00000084  _P0_4                              T51Interface
     00000085  _P0_5                              T51Interface
     00000086  _P0_6                              T51Interface
     00000087  _P0_7                              T51Interface
     00000087  _PCON                              T51Interface
     00000088  _IT0                               T51Interface
     00000088  _TCON                              T51Interface
     00000089  _IE0                               T51Interface
     00000089  _TMOD                              T51Interface
     0000008A  _IT1                               T51Interface
     0000008A  _TL0                               T51Interface
     0000008B  _IE1                               T51Interface
     0000008B  _TL1                               T51Interface
     0000008C  _TH0                               T51Interface
     0000008C  _TR0                               T51Interface
     0000008D  _TF0                               T51Interface
     0000008D  _TH1                               T51Interface
     0000008E  _TR1                               T51Interface
     0000008F  _TF1                               T51Interface
     00000090  _P1                                T51Interface
     00000090  _P1_0                              T51Interface
     00000091  _P1_1                              T51Interface
     00000092  _P1_2                              T51Interface
     00000093  _P1_3                              T51Interface
     00000094  _P1_4                              T51Interface
     00000095  _P1_5                              T51Interface
     00000096  _P1_6                              T51Interface
     00000097  _P1_7                              T51Interface
     00000098  _RI                                T51Interface
     00000098  _SCON                              T51Interface
     00000099  _SBUF                              T51Interface
     00000099  _TI                                T51Interface
     0000009A  _RB8                               T51Interface
     0000009B  _TB8                               T51Interface
     0000009C  _REN                               T51Interface
     0000009D  _SM2                               T51Interface
     0000009E  _SM1                               T51Interface
     0000009F  _SM0                               T51Interface
     000000A0  _P2                                T51Interface
     000000A0  _P2_0                              T51Interface
     000000A0  __XPAGE                            
ASxxxx Linker V03.00 + NoICE + sdld,  page 4.
Hexadecimal  [32-Bits]

Area                                    Addr        Size        Decimal Bytes (Attributes)
--------------------------------        ----        ----        ------- ----- ------------
.  .ABS.                            00000000    00000000 =           0. bytes (ABS,CON)

      Value  Global                              Global Defined In Module
      -----  --------------------------------   ------------------------
     000000A1  _P2_1                              T51Interface
     000000A2  _P2_2                              T51Interface
     000000A3  _P2_3                              T51Interface
     000000A4  _P2_4                              T51Interface
     000000A5  _P2_5                              T51Interface
     000000A6  _P2_6                              T51Interface
     000000A7  _P2_7                              T51Interface
     000000A8  _EX0                               T51Interface
     000000A8  _IE                                T51Interface
     000000A9  _ET0                               T51Interface
     000000AA  _EX1                               T51Interface
     000000AB  _ET1                               T51Interface
     000000AC  _ES                                T51Interface
     000000AD  _ET2                               T51Interface
     000000AF  _EA                                T51Interface
     000000B0  _P3                                T51Interface
     000000B0  _P3_0                              T51Interface
     000000B0  _RXD                               T51Interface
     000000B1  _P3_1                              T51Interface
     000000B1  _TXD                               T51Interface
     000000B2  _INT0                              T51Interface
     000000B2  _P3_2                              T51Interface
     000000B3  _INT1                              T51Interface
     000000B3  _P3_3                              T51Interface
     000000B4  _P3_4                              T51Interface
     000000B4  _T0                                T51Interface
     000000B5  _P3_5                              T51Interface
     000000B5  _T1                                T51Interface
     000000B6  _P3_6                              T51Interface
     000000B6  _WR                                T51Interface
     000000B7  _P3_7                              T51Interface
     000000B7  _RD                                T51Interface
     000000B8  _IP                                T51Interface
     000000B8  _PX0                               T51Interface
     000000B9  _PT0                               T51Interface
     000000BA  _PX1                               T51Interface
     000000BB  _PT1                               T51Interface
     000000BC  _PS                                T51Interface
     000000BD  _PT2                               T51Interface
     000000C8  _CP_RL2                            T51Interface
     000000C8  _T2CON                             T51Interface
     000000C8  _T2CON_0                           T51Interface
     000000C9  _C_T2                              T51Interface
     000000C9  _T2CON_1                           T51Interface
     000000CA  _RCAP2L                            T51Interface
     000000CA  _T2CON_2                           T51Interface
     000000CA  _TR2                               T51Interface
     000000CB  _EXEN2                             T51Interface
     000000CB  _RCAP2H                            T51Interface
     000000CB  _T2CON_3                           T51Interface
     000000CC  _T2CON_4                           T51Interface
ASxxxx Linker V03.00 + NoICE + sdld,  page 5.
Hexadecimal  [32-Bits]

Area                                    Addr        Size        Decimal Bytes (Attributes)
--------------------------------        ----        ----        ------- ----- ------------
.  .ABS.                            00000000    00000000 =           0. bytes (ABS,CON)

      Value  Global                              Global Defined In Module
      -----  --------------------------------   ------------------------
     000000CC  _TCLK                              T51Interface
     000000CC  _TL2                               T51Interface
     000000CD  _RCLK                              T51Interface
     000000CD  _T2CON_5                           T51Interface
     000000CD  _TH2                               T51Interface
     000000CE  _EXF2                              T51Interface
     000000CE  _T2CON_6                           T51Interface
     000000CF  _T2CON_7                           T51Interface
     000000CF  _TF2                               T51Interface
     000000D0  _P                                 T51Interface
     000000D0  _PSW                               T51Interface
     000000D1  _F1                                T51Interface
     000000D2  _OV                                T51Interface
     000000D3  _RS0                               T51Interface
     000000D4  _RS1                               T51Interface
     000000D5  _F0                                T51Interface
     000000D6  _AC                                T51Interface
     000000D7  _CY                                T51Interface
     000000E0  _ACC                               T51Interface
     000000F0  _B                                 T51Interface
     000000F5  _B_5                               _gptrget
     000000F6  _B_6                               _gptrget
     000000F7  _B_7                               _gptrget

ASxxxx Linker V03.00 + NoICE + sdld,  page 6.
Hexadecimal  [32-Bits]

Area                                    Addr        Size        Decimal Bytes (Attributes)
--------------------------------        ----        ----        ------- ----- ------------
REG_BANK_0                          00000000    00000008 =           8. bytes (REL,OVR)

      Value  Global                              Global Defined In Module
      -----  --------------------------------   ------------------------
ASxxxx Linker V03.00 + NoICE + sdld,  page 7.
Hexadecimal  [32-Bits]

Area                                    Addr        Size        Decimal Bytes (Attributes)
--------------------------------        ----        ----        ------- ----- ------------
DSEG                                00000000    00000080 =         128. bytes (REL,CON)

      Value  Global                              Global Defined In Module
      -----  --------------------------------   ------------------------
     0000000F  _hostRx                            iso
     00000011  _piccRx                            iso
     0000001C  _ComputeCrc_PARM_2                 crc_a
ASxxxx Linker V03.00 + NoICE + sdld,  page 8.
Hexadecimal  [32-Bits]

Area                                    Addr        Size        Decimal Bytes (Attributes)
--------------------------------        ----        ----        ------- ----- ------------
OSEG                                00000021    0000000B =          11. bytes (REL,OVR)

      Value  Global                              Global Defined In Module
      -----  --------------------------------   ------------------------
     00000021  _SendPacket_PARM_2                 T51Interface
     00000021  _UpdateCrc_PARM_2                  crc_a
     00000021  __gptrput_PARM_2                   _gptrput
     00000021  _memcpy_PARM_2                     _memcpy
     00000022  _SendPacket_PARM_3                 T51Interface
     00000024  _SendPacket_PARM_4                 T51Interface
     00000024  _memcpy_PARM_3                     _memcpy

ASxxxx Linker V03.00 + NoICE + sdld,  page 9.
Hexadecimal  [32-Bits]

Area                                    Addr        Size        Decimal Bytes (Attributes)
--------------------------------        ----        ----        ------- ----- ------------
SSEG                                0000002C    000000D4 =         212. bytes (REL,OVR)

      Value  Global                              Global Defined In Module
      -----  --------------------------------   ------------------------
     0000002C  __start__stack                     main

ASxxxx Linker V03.00 + NoICE + sdld,  page 10.
Hexadecimal  [32-Bits]

Area                                    Addr        Size        Decimal Bytes (Attributes)
--------------------------------        ----        ----        ------- ----- ------------
XSEG                                00000000    00000200 =         512. bytes (REL,CON,XDATA)

      Value  Global                              Global Defined In Module
      -----  --------------------------------   ------------------------
D:   00000000  _apduBuf                           iso
D:   00000100  _txBuf                             T51Interface

ASxxxx Linker V03.00 + NoICE + sdld,  page 11.
Hexadecimal  [32-Bits]

Area                                    Addr        Size        Decimal Bytes (Attributes)
--------------------------------        ----        ----        ------- ----- ------------
HOME                                00000000    00000006 =           6. bytes (REL,CON,CODE)

      Value  Global                              Global Defined In Module
      -----  --------------------------------   ------------------------
C:   00000003  __sdcc_program_startup             main

ASxxxx Linker V03.00 + NoICE + sdld,  page 12.
Hexadecimal  [32-Bits]

Area                                    Addr        Size        Decimal Bytes (Attributes)
--------------------------------        ----        ----        ------- ----- ------------
GSINIT0                             00000006    00000003 =           3. bytes (REL,CON,CODE)

      Value  Global                              Global Defined In Module
      -----  --------------------------------   ------------------------
C:   00000006  __sdcc_gsinit_startup              

ASxxxx Linker V03.00 + NoICE + sdld,  page 13.
Hexadecimal  [32-Bits]

Area                                    Addr        Size        Decimal Bytes (Attributes)
--------------------------------        ----        ----        ------- ----- ------------
GSINIT2                             00000009    0000000A =          10. bytes (REL,CON,CODE)

      Value  Global                              Global Defined In Module
      -----  --------------------------------   ------------------------
ASxxxx Linker V03.00 + NoICE + sdld,  page 14.
Hexadecimal  [32-Bits]

Area                                    Addr        Size        Decimal Bytes (Attributes)
--------------------------------        ----        ----        ------- ----- ------------
GSINIT3                             00000013    00000022 =          34. bytes (REL,CON,CODE)

      Value  Global                              Global Defined In Module
      -----  --------------------------------   ------------------------
C:   00000013  __mcs51_genXINIT                   

ASxxxx Linker V03.00 + NoICE + sdld,  page 15.
Hexadecimal  [32-Bits]

Area                                    Addr        Size        Decimal Bytes (Attributes)
--------------------------------        ----        ----        ------- ----- ------------
GSINIT4                             00000035    0000002A =          42. bytes (REL,CON,CODE)

      Value  Global                              Global Defined In Module
      -----  --------------------------------   ------------------------
C:   00000035  __mcs51_genRAMCLEAR                
C:   0000003B  __mcs51_genXRAMCLEAR               

ASxxxx Linker V03.00 + NoICE + sdld,  page 16.
Hexadecimal  [32-Bits]

Area                                    Addr        Size        Decimal Bytes (Attributes)
--------------------------------        ----        ----        ------- ----- ------------
GSINIT                              0000005F    00000006 =           6. bytes (REL,CON,CODE)

      Value  Global                              Global Defined In Module
      -----  --------------------------------   ------------------------
ASxxxx Linker V03.00 + NoICE + sdld,  page 17.
Hexadecimal  [32-Bits]

Area                                    Addr        Size        Decimal Bytes (Attributes)
--------------------------------        ----        ----        ------- ----- ------------
GSFINAL                             00000065    00000003 =           3. bytes (REL,CON,CODE)

      Value  Global                              Global Defined In Module
      -----  --------------------------------   ------------------------
ASxxxx Linker V03.00 + NoICE + sdld,  page 18.
Hexadecimal  [32-Bits]

Area                                    Addr        Size        Decimal Bytes (Attributes)
--------------------------------        ----        ----        ------- ----- ------------
CSEG                                00000068    00000BC7 =        3015. bytes (REL,CON,CODE)

      Value  Global                              Global Defined In Module
      -----  --------------------------------   ------------------------
C:   00000068  _Delay                             main
C:   0000007E  _DelayMs                           main
C:   0000009C  _main                              main
C:   0000015C  _EchoMode                          main
C:   00000194  _EchoCountMode                     main
C:   0000024C  _SmartcardMode                     main
C:   000003F0  _IsoInit                           iso
C:   0000040C  _IsoProcessPcd                     iso
C:   0000094F  _UpdateCrc                         crc_a
C:   000009C4  _ComputeCrc                        crc_a
C:   00000A37  _GetRx                             T51Interface
C:   00000A4F  _GetTxBuf                          T51Interface
C:   00000A53  _ResetRx                           T51Interface
C:   00000A76  _GetRxCount                        T51Interface
C:   00000A9E  _PacketAvailable                   T51Interface
C:   00000AC5  _SendPacket                        T51Interface
C:   00000B41  _SendDebug                         T51Interface
C:   00000B71  _IfInit                            T51Interface
C:   00000B9F  _memcpy                            _memcpy
C:   00000BF4  __gptrput                          _gptrput
C:   00000C0F  __gptrget                          _gptrget
C:   00000C2B  __sdcc_external_startup            _startup

ASxxxx Linker V03.00 + NoICE + sdld,  page 19.
Hexadecimal  [32-Bits]

Area                                    Addr        Size        Decimal Bytes (Attributes)
--------------------------------        ----        ----        ------- ----- ------------
CONST                               00000C2F    00000027 =          39. bytes (REL,CON,CODE)

      Value  Global                              Global Defined In Module
      -----  --------------------------------   ------------------------
C:   00000C54  _pPorts                            T51Interface

ASxxxx Linker V03.00 + NoICE + sdld,  page 20.

Files Linked                              [ module(s) ]

obj/main.rel                              [  ]
obj/iso.rel                               [  ]
obj/crc_a.rel                             [  ]
obj/T51Interface.rel                      [  ]


Libraries Linked                          [ object file ]

/usr/share/sdcc/lib/small/mcs51.lib       [ crtclear.rel ]
/usr/share/sdcc/lib/small/libsdcc.lib     [ _memcpy.rel ]
/usr/share/sdcc/lib/small/mcs51.lib       [ crtxinit.rel ]
/usr/share/sdcc/lib/small/libsdcc.lib     [ _gptrput.rel ]
/usr/share/sdcc/lib/small/mcs51.lib       [ crtxclear.rel ]
/usr/share/sdcc/lib/small/mcs51.lib       [ crtpagesfr.rel ]
/usr/share/sdcc/lib/small/mcs51.lib       [ crtstart.rel ]
/usr/share/sdcc/lib/small/libsdcc.lib     [ _gptrget.rel ]
/usr/share/sdcc/lib/small/libsdcc.lib     [ _startup.rel ]

ASxxxx Linker V03.00 + NoICE + sdld,  page 21.

User Base Address Definitions

HOME = 0x0000
ISEG = 0x0000
BSEG = 0x0000

